// Vitest Snapshot v1, https://vitest.dev/guide/snapshot.html

exports[`TodoHeader > should render successfully 1`] = `
<div>
  <h1
    class="text-center text-xl font-semibold text-gray-700"
    data-testid="header"
  >
    Todo App
  </h1>
</div>
`;
