// Vitest Snapshot v1, https://vitest.dev/guide/snapshot.html

exports[`Button > should render successfully 1`] = `
<div>
  <button
    class="btn btn-rounded"
  >
    test
  </button>
</div>
`;
